=== Device Boot ===
31063(device5_intouch.log): Boot Start
31176(device5_intouch.log): Boot Completed

=== Device Boot ===
31274(device5_intouch.log): Boot Start
**** Incomplete boot ****

=== Device Boot ===
31293(device5_intouch.log): Boot Start
31401(device5_intouch.log): Boot Completed

=== Device Boot ===
32623(device5_intouch.log): Boot Start
**** Incomplete boot ****

=== Device Boot ===
32641(device5_intouch.log): Boot Start
**** Incomplete boot ****

=== Device Boot ===
32656(device5_intouch.log): Boot Start
**** Incomplete boot ****

=== Device Boot ===
32674(device5_intouch.log): Boot Start
**** Incomplete boot ****

=== Device Boot ===
32693(device5_intouch.log): Boot Start
32801(device5_intouch.log): Boot Completed

=== Device Boot ===
33709(device5_intouch.log): Boot Start
**** Incomplete boot ****

=== Device Boot ===
33725(device5_intouch.log): Boot Start
33833(device5_intouch.log): Boot Completed

=== Device Boot ===
34594(device5_intouch.log): Boot Start
**** Incomplete boot ****

=== Device Boot ===
34613(device5_intouch.log): Boot Start
34721(device5_intouch.log): Boot Completed

=== Device Boot ===
37428(device5_intouch.log): Boot Start
**** Incomplete boot ****

=== Device Boot ===
37447(device5_intouch.log): Boot Start
37555(device5_intouch.log): Boot Completed

=== Device Boot ===
38258(device5_intouch.log): Boot Start
38366(device5_intouch.log): Boot Completed

=== Device Boot ===
39150(device5_intouch.log): Boot Start
**** Incomplete boot ****

=== Device Boot ===
39166(device5_intouch.log): Boot Start
**** Incomplete boot ****

=== Device Boot ===
39182(device5_intouch.log): Boot Start
39290(device5_intouch.log): Boot Completed

=== Device Boot ===
40288(device5_intouch.log): Boot Start
40397(device5_intouch.log): Boot Completed

=== Device Boot ===
41615(device5_intouch.log): Boot Start
**** Incomplete boot ****

=== Device Boot ===
41633(device5_intouch.log): Boot Start
**** Incomplete boot ****

=== Device Boot ===
41648(device5_intouch.log): Boot Start
**** Incomplete boot ****

=== Device Boot ===
41666(device5_intouch.log): Boot Start
**** Incomplete boot ****

=== Device Boot ===
41684(device5_intouch.log): Boot Start
**** Incomplete boot ****

=== Device Boot ===
41694(device5_intouch.log): Boot Start
41802(device5_intouch.log): Boot Completed

